Base path: /home/renan/rostest_ws
Source space: /home/renan/rostest_ws/src
Build space: /home/renan/rostest_ws/build
Devel space: /home/renan/rostest_ws/devel
Install space: /home/renan/rostest_ws/install
####
#### Running command: "make cmake_check_build_system" in "/home/renan/rostest_ws/build"
####
####
#### Running command: "make -j6 -l6" in "/home/renan/rostest_ws/build"
####
[  0%] Built target std_msgs_generate_messages_lisp
[  0%] Built target std_msgs_generate_messages_py
[  0%] Built target std_msgs_generate_messages_nodejs
[  0%] Built target std_msgs_generate_messages_eus
[  0%] Built target std_msgs_generate_messages_cpp
[  5%] Generating dynamic reconfigure files from cfg/YawDynamic.cfg: /home/renan/rostest_ws/devel/include/boat_pid_controller_node/YawDynamicConfig.h /home/renan/rostest_ws/devel/lib/python2.7/dist-packages/boat_pid_controller_node/cfg/YawDynamicConfig.py
[ 10%] Generating dynamic reconfigure files from cfg/TwistDynamic.cfg: /home/renan/rostest_ws/devel/include/boat_pid_controller_node/TwistDynamicConfig.h /home/renan/rostest_ws/devel/lib/python2.7/dist-packages/boat_pid_controller_node/cfg/TwistDynamicConfig.py
[ 10%] Built target _boat_pid_controller_node_generate_messages_check_deps_Drive
[ 10%] Built target _boat_pid_controller_node_generate_messages_check_deps_Course
/usr/bin/env: ‘python\r’: No such file or directory
/usr/bin/env: boat_pid_controller/CMakeFiles/boat_pid_controller_node_gencfg.dir/build.make:65: recipe for target '/home/renan/rostest_ws/devel/include/boat_pid_controller_node/YawDynamicConfig.h' failed
‘python\r’make[2]: *** [/home/renan/rostest_ws/devel/include/boat_pid_controller_node/YawDynamicConfig.h] Error 127
: No such file or directorymake[2]: *** Waiting for unfinished jobs....

[ 10%] Built target _boat_pid_controller_node_generate_messages_check_deps_Diagnose
boat_pid_controller/CMakeFiles/boat_pid_controller_node_gencfg.dir/build.make:83: recipe for target '/home/renan/rostest_ws/devel/include/boat_pid_controller_node/TwistDynamicConfig.h' failed
make[2]: *** [/home/renan/rostest_ws/devel/include/boat_pid_controller_node/TwistDynamicConfig.h] Error 127
CMakeFiles/Makefile2:1000: recipe for target 'boat_pid_controller/CMakeFiles/boat_pid_controller_node_gencfg.dir/all' failed
make[1]: *** [boat_pid_controller/CMakeFiles/boat_pid_controller_node_gencfg.dir/all] Error 2
make[1]: *** Waiting for unfinished jobs....
Makefile:138: recipe for target 'all' failed
make: *** [all] Error 2
Invoking "make -j6 -l6" failed
